mode: set
github.com/startmt/test-golang/test/blockchain/route.go:12.61,13.71 1 0
github.com/startmt/test-golang/test/blockchain/route.go:13.71,14.33 1 0
github.com/startmt/test-golang/test/blockchain/route.go:14.33,16.4 1 0
github.com/startmt/test-golang/test/blockchain/route.go:16.9,18.4 1 0
github.com/startmt/test-golang/test/blockchain/route.go:23.62,24.71 1 0
github.com/startmt/test-golang/test/blockchain/route.go:24.71,25.34 1 0
github.com/startmt/test-golang/test/blockchain/route.go:30.3,31.9 2 0
github.com/startmt/test-golang/test/blockchain/route.go:25.34,28.4 2 0
github.com/startmt/test-golang/test/blockchain/route.go:35.68,40.2 4 0
github.com/startmt/test-golang/test/blockchain/schema.go:3.31,9.2 5 0
github.com/startmt/test-golang/test/blockchain/search.go:3.117,4.64 1 1
github.com/startmt/test-golang/test/blockchain/search.go:4.64,5.40 1 1
github.com/startmt/test-golang/test/blockchain/search.go:10.3,10.37 1 1
github.com/startmt/test-golang/test/blockchain/search.go:5.40,6.17 1 1
github.com/startmt/test-golang/test/blockchain/search.go:6.17,8.5 1 1
github.com/startmt/test-golang/test/blockchain/search.go:15.63,16.41 1 1
github.com/startmt/test-golang/test/blockchain/search.go:16.41,18.3 1 1
github.com/startmt/test-golang/test/blockchain/search.go:21.62,22.41 1 1
github.com/startmt/test-golang/test/blockchain/search.go:22.41,24.3 1 1
github.com/startmt/test-golang/test/blockchain/service.go:10.41,16.2 4 1
github.com/startmt/test-golang/test/blockchain/service.go:18.46,30.2 2 1
github.com/startmt/test-golang/test/blockchain/service.go:33.55,34.39 1 1
github.com/startmt/test-golang/test/blockchain/service.go:45.2,45.13 1 1
github.com/startmt/test-golang/test/blockchain/service.go:34.39,41.54 3 1
github.com/startmt/test-golang/test/blockchain/service.go:41.54,43.4 1 1
github.com/startmt/test-golang/test/blockchain/controller.go:13.77,15.2 1 0
github.com/startmt/test-golang/test/blockchain/controller.go:17.78,21.16 3 0
github.com/startmt/test-golang/test/blockchain/controller.go:30.2,30.40 1 0
github.com/startmt/test-golang/test/blockchain/controller.go:21.16,22.36 1 0
github.com/startmt/test-golang/test/blockchain/controller.go:27.4,28.44 2 0
github.com/startmt/test-golang/test/blockchain/controller.go:22.36,26.4 3 0
github.com/startmt/test-golang/test/blockchain/controller.go:33.79,36.58 3 0
github.com/startmt/test-golang/test/blockchain/controller.go:42.2,43.16 2 0
github.com/startmt/test-golang/test/blockchain/controller.go:52.2,52.40 1 0
github.com/startmt/test-golang/test/blockchain/controller.go:36.58,40.3 3 0
github.com/startmt/test-golang/test/blockchain/controller.go:43.16,44.36 1 0
github.com/startmt/test-golang/test/blockchain/controller.go:49.3,50.43 2 0
github.com/startmt/test-golang/test/blockchain/controller.go:44.36,48.4 3 0
github.com/startmt/test-golang/test/blockchain/controller.go:56.72,58.16 2 0
github.com/startmt/test-golang/test/blockchain/controller.go:63.2,64.55 2 0
github.com/startmt/test-golang/test/blockchain/controller.go:69.2,73.20 2 0
github.com/startmt/test-golang/test/blockchain/controller.go:76.2,76.48 1 0
github.com/startmt/test-golang/test/blockchain/controller.go:58.16,61.3 2 0
github.com/startmt/test-golang/test/blockchain/controller.go:64.55,67.3 2 0
github.com/startmt/test-golang/test/blockchain/controller.go:73.20,75.3 1 0
github.com/startmt/test-golang/test/blockchain/controller.go:80.77,86.2 3 0
github.com/startmt/test-golang/test/blockchain/model.controller.go:7.57,9.2 1 0
